// Jest Snapshot v1, https://goo.gl/fbAQLP

exports[`App component should match snapshot 1`] = `
<div>
  <div
    class="App"
  >
    <h1>
      RTK Query
    </h1>
    <h2>
      ...Loading
    </h2>
    <h2>
      ...isFetching
    </h2>
  </div>
</div>
`;
